../Core/Src/main.c:43:5:main	8	static
../Core/Src/main.c:84:6:NEXTION_SendString	48	static
../Core/Src/main.c:93:6:HAL_UART_RxCpltCallback	16	static
../Core/Src/main.c:141:6:ADS1115	40	static
../Core/Src/main.c:260:6:SystemClock_Config	72	static
../Core/Src/main.c:300:13:MX_I2C1_Init	8	static
../Core/Src/main.c:334:13:MX_I2C2_Init	8	static
../Core/Src/main.c:368:13:MX_USART2_UART_Init	8	static
../Core/Src/main.c:401:13:MX_GPIO_Init	40	static
../Core/Src/main.c:458:6:Error_Handler	4	static,ignoring_inline_asm
